// Vitest Snapshot v1, https://vitest.dev/guide/snapshot.html

exports[`Input > respects size prop 1`] = `
<input
  class="rounded-lg border transition outline-none focus:ring px-4 py-3 text-lg border-gray-700 bg-gray-900 text-gray-100 placeholder:text-gray-400 focus:ring-blue-500"
  placeholder="large"
/>
`;
