// Vitest Snapshot v1, https://vitest.dev/guide/snapshot.html

exports[`Input > respects size prop 1`] = `
<input
  class="rounded-lg border transition outline-none focus:ring px-4 py-3 text-lg border-gray-300 bg-white text-gray-900 placeholder:text-gray-400 focus:ring-blue-500 dark:border-gray-700 dark:bg-gray-900 dark:text-gray-100 dark:placeholder:text-gray-400"
  placeholder="large"
/>
`;
